Account component address: account_sim1qvzza9r58a22ngm5ev39lx6n9pgkslzpyrwenggvl0ks7rcmju
Public key: 02d285667ed5937741ef083005804215ccf1f59940fa656b95160383e97398b316
Private key: ab01415bf2f73fd8dabd8bb5f31b0b9933757677988d90755f727a8dcc05bc76

## resim set-default-account <ACCOUNT_COMPONENT_ADDRESS> <PRIVATE_KEY>

## resim set-default-account account_sim1qvzza9r58a22ngm5ev39lx6n9pgkslzpyrwenggvl0ks7rcmju ab01415bf2f73fd8dabd8bb5f31b0b9933757677988d90755f727a8dcc05bc76


$account="account_sim1qvzza9r58a22ngm5ev39lx6n9pgkslzpyrwenggvl0ks7rcmju"
$pubkey="02d285667ed5937741ef083005804215ccf1f59940fa656b95160383e97398b316"
$privkey="ab01415bf2f73fd8dabd8bb5f31b0b9933757677988d90755f727a8dcc05bc76"

>> resim show $account


$package="package_sim1qx83wwz7lay5u9rjezp6tl6h7lzcsgjkz9kp4gxne32q50tz7e"

>> resim call-function $package YtFair instantiate_ytfair

$component="component_sim1q27zgjvagdgwx5vy0smtew57p3kzu2duqjjxd98gqpjq0mjttl"

>>  resim call-method $component deposit 100,resource_sim1qqqqqqqqqqqqqqqqqqqqqqqqqqqqqqqqqqqqqqqqqqzqu57yag
>> resim show $account
you can see 10XRD dedycted
>> resim show $component
10XRD credited





terminal op:
PS C:\KAUSTUBH\DDS\project\bankyt> resim publish .
   Compiling bankyt v0.1.0 (C:\KAUSTUBH\DDS\project\bankyt)
    Finished release [optimized] target(s) in 0.46s
   Compiling bankyt v0.1.0 (C:\KAUSTUBH\DDS\project\bankyt)
    Finished release [optimized] target(s) in 0.44s
Success! New Package: package_sim1q8ve2r7jsaeygmxz47ndj6zawzcc05hwv7dse0t23x9qq3f3cz
PS C:\KAUSTUBH\DDS\project\bankyt> $package="package_sim1q8ve2r7jsaeygmxz47ndj6zawzcc05hwv7dse0t23x9qq3f3cz"
PS C:\KAUSTUBH\DDS\project\bankyt> resim call-function $package YtFair instantiate_ytfair
Transaction Status: COMMITTED SUCCESS
Transaction Fee: 0.0185578 XRD burned, 0.00092789 XRD tipped to validators
Cost Units: 100000000 limit, 185578 consumed, 0.0000001 XRD per cost unit
Logs: 0
Instructions:
├─ CallMethod { component_address: system_sim1qsqqqqqqqqqqqqqqqqqqqqqqqqqqqqqqqqqqqqqqqqqs9fh54n, method_name: "lock_fee", args: Struct(Decimal("100")) }
├─ CallFunction { package_address: package_sim1q8ve2r7jsaeygmxz47ndj6zawzcc05hwv7dse0t23x9qq3f3cz, blueprint_name: "YtFair", method_name: "instantiate_ytfair", args: Struct() }
└─ CallMethod { component_address: account_sim1qvzza9r58a22ngm5ev39lx6n9pgkslzpyrwenggvl0ks7rcmju, method_name: "deposit_batch", args: Struct(Expression("ENTIRE_WORKTOP")) }
Instruction Outputs:
├─ ()
├─ ComponentAddress("component_sim1q27zgjvagdgwx5vy0smtew57p3kzu2duqjjxd98gqpjq0mjttl")
└─ ()
New Entities: 1
└─ Component: component_sim1q27zgjvagdgwx5vy0smtew57p3kzu2duqjjxd98gqpjq0mjttl
PS C:\KAUSTUBH\DDS\project\bankyt> $component="component_sim1q27zgjvagdgwx5vy0smtew57p3kzu2duqjjxd98gqpjq0mjttl"
PS C:\KAUSTUBH\DDS\project\bankyt> resim call-method $component deposit 10     
Error: TransactionConstructionError(FailedToBuildArgs(FailedToParse(0, Custom { type_id: 177, generics: [] }, "10")))
PS C:\KAUSTUBH\DDS\project\bankyt> resim call-method $component deposit 100,resource_sim1qqqqqqqqqqqqqqqqqqqqqqqqqqqqqqqqqqqqqqqqqqzqu57yag    
Transaction Status: COMMITTED SUCCESS
Transaction Fee: 0.0392896 XRD burned, 0.00196448 XRD tipped to validators
Cost Units: 100000000 limit, 392896 consumed, 0.0000001 XRD per cost unit
Logs: 0
Instructions:
├─ CallMethod { component_address: system_sim1qsqqqqqqqqqqqqqqqqqqqqqqqqqqqqqqqqqqqqqqqqqs9fh54n, method_name: "lock_fee", args: Struct(Decimal("100")) }
├─ CallMethod { component_address: account_sim1qvzza9r58a22ngm5ev39lx6n9pgkslzpyrwenggvl0ks7rcmju, method_name: "withdraw_by_amount", args: Struct(Decimal("100"), ResourceAddress("resource_sim1qqqqqqqqqqqqqqqqqqqqqqqqqqqqqqqqqqqqqqqqqqzqu57yag")) }
├─ TakeFromWorktopByAmount { amount: 100, resource_address: resource_sim1qqqqqqqqqqqqqqqqqqqqqqqqqqqqqqqqqqqqqqqqqqzqu57yag }
├─ CallMethod { component_address: component_sim1q27zgjvagdgwx5vy0smtew57p3kzu2duqjjxd98gqpjq0mjttl, method_name: "deposit", args: Struct(Bucket(512u32)) }
└─ CallMethod { component_address: account_sim1qvzza9r58a22ngm5ev39lx6n9pgkslzpyrwenggvl0ks7rcmju, method_name: "deposit_batch", args: Struct(Expression("ENTIRE_WORKTOP")) }
Instruction Outputs:
├─ ()
├─ Bucket(1025u32)
├─ Bucket(512u32)
├─ Bucket(1026u32)
└─ ()
New Entities: 0
PS C:\KAUSTUBH\DDS\project\bankyt> resim show $account
Component: account_sim1qvzza9r58a22ngm5ev39lx6n9pgkslzpyrwenggvl0ks7rcmju
Blueprint: { package_address: package_sim1qyqqqqqqqqqqqqqqqqqqqqqqqqqqqqqqqqqqqqqqqqpsuluv44, blueprint_name: "Account" }
Authorization
├─ "deposit_batch" => AllowAll
├─ "deposit" => AllowAll
└─ "balance" => AllowAll
State: Struct(KeyValueStore("cf2a0fdfe5f79a83720f094b9bba219bb8d744e1acbe6a33104ee5b1741d215302040000"))
Key Value Store: account_sim1qvzza9r58a22ngm5ev39lx6n9pgkslzpyrwenggvl0ks7rcmju(cf2a0fdfe5f79a83720f094b9bba219bb8d744e1acbe6a33104ee5b1741d2153, 1026)
└─ ResourceAddress("resource_sim1qqqqqqqqqqqqqqqqqqqqqqqqqqqqqqqqqqqqqqqqqqzqu57yag") => Vault("cf2a0fdfe5f79a83720f094b9bba219bb8d744e1acbe6a33104ee5b1741d215304040000")
Resources:
└─ { amount: 990, resource address: resource_sim1qqqqqqqqqqqqqqqqqqqqqqqqqqqqqqqqqqqqqqqqqqzqu57yag, name: "Radix", symbol: "XRD" }
PS C:\KAUSTUBH\DDS\project\bankyt> resim show $component
Component: component_sim1q27zgjvagdgwx5vy0smtew57p3kzu2duqjjxd98gqpjq0mjttl
Blueprint: { package_address: package_sim1q8ve2r7jsaeygmxz47ndj6zawzcc05hwv7dse0t23x9qq3f3cz, blueprint_name: "YtFair" }
Authorization
State: Struct(Vault("aa93a7db67536723da4e78efd3eb8d811fff0d535c34e965097dc4b007c0bd0c01040000"))
Resources:
└─ { amount: 10, resource address: resource_sim1qqqqqqqqqqqqqqqqqqqqqqqqqqqqqqqqqqqqqqqqqqzqu57yag, name: "Radix", symbol: "XRD" }
PS C:\KAUSTUBH\DDS\project\bankyt>

------------------------------ commit 0.2: transfers the money sent by the user to the vault -----------------

PS C:\KAUSTUBH\DDS\project\bankyt> resim call-method $component deposit 100,resource_sim1qqqqqqqqqqqqqqqqqqqqqqqqqqqqqqqqqqqqqqqqqqzqu57yag

Transaction Status: COMMITTED SUCCESS
Transaction Fee: 0.0284566 XRD burned, 0.00142283 XRD tipped to validators
Cost Units: 100000000 limit, 284566 consumed, 0.0000001 XRD per cost unit
Logs: 0
Instructions:
├─ CallMethod { component_address: system_sim1qsqqqqqqqqqqqqqqqqqqqqqqqqqqqqqqqqqqqqqqqqqs9fh54n, method_name: "lock_fee", args: Struct(Decimal("100")) }
├─ CallMethod { component_address: account_sim1qvzza9r58a22ngm5ev39lx6n9pgkslzpyrwenggvl0ks7rcmju, method_name: "withdraw_by_amount", args: Struct(Decimal("100"), ResourceAddress("resource_sim1qqqqqqqqqqqqqqqqqqqqqqqqqqqqqqqqqqqqqqqqqqzqu57yag")) }
├─ TakeFromWorktopByAmount { amount: 100, resource_address: resource_sim1qqqqqqqqqqqqqqqqqqqqqqqqqqqqqqqqqqqqqqqqqqzqu57yag }
├─ CallMethod { component_address: component_sim1qt9z7e2kqz7pgjj8fel8hr4ddyjg6zc3qp6ml80ys8cs5f5smd, method_name: "deposit", args: Struct(Bucket(512u32)) }
└─ CallMethod { component_address: account_sim1qvzza9r58a22ngm5ev39lx6n9pgkslzpyrwenggvl0ks7rcmju, method_name: "deposit_batch", args: Struct(Expression("ENTIRE_WORKTOP")) }
Instruction Outputs:
├─ ()
├─ Bucket(1025u32)
├─ Bucket(512u32)
├─ ()
└─ ()
New Entities: 0
PS C:\KAUSTUBH\DDS\project\bankyt>


PS C:\KAUSTUBH\DDS\project\bankyt> resim show $component                                                                             Component: component_sim1qt9z7e2kqz7pgjj8fel8hr4ddyjg6zc3qp6ml80ys8cs5f5smd
Blueprint: { package_address: package_sim1qx7hzpxqh4djf72gwh4vyh6rpfedvfaluxhk2aclf2wqz556cu, blueprint_name: "YtFair" }
Authorization
State: Struct(Vault("94ca1cbe0149d59542cb50de9655c32c08cb805ca099e6bcd030c3ada540f95f01040000"))
Resources:
└─ { amount: 400, resource address: resource_sim1qqqqqqqqqqqqqqqqqqqqqqqqqqqqqqqqqqqqqqqqqqzqu57yag, name: "Radix", symbol: "XRD" }


PS C:\KAUSTUBH\DDS\project\bankyt> resim show $account                                                                               Component: account_sim1qvzza9r58a22ngm5ev39lx6n9pgkslzpyrwenggvl0ks7rcmju
Blueprint: { package_address: package_sim1qyqqqqqqqqqqqqqqqqqqqqqqqqqqqqqqqqqqqqqqqqpsuluv44, blueprint_name: "Account" }
Authorization
├─ "deposit" => AllowAll
├─ "deposit_batch" => AllowAll
└─ "balance" => AllowAll
State: Struct(KeyValueStore("01525a80c2ea85b89fd4e578762dfbecb1502e010a95f1b883ab4b29ac625e0b02040000"))
Key Value Store: account_sim1qvzza9r58a22ngm5ev39lx6n9pgkslzpyrwenggvl0ks7rcmju(01525a80c2ea85b89fd4e578762dfbecb1502e010a95f1b883ab4b29ac625e0b, 1026)
└─ ResourceAddress("resource_sim1qqqqqqqqqqqqqqqqqqqqqqqqqqqqqqqqqqqqqqqqqqzqu57yag") => Vault("01525a80c2ea85b89fd4e578762dfbecb1502e010a95f1b883ab4b29ac625e0b04040000")
Resources:
└─ { amount: 500, resource address: resource_sim1qqqqqqqqqqqqqqqqqqqqqqqqqqqqqqqqqqqqqqqqqqzqu57yag, name: "Radix", symbol: "XRD" }

PS C:\KAUSTUBH\DDS\project\bankyt>




function vs method
highlight tool instruction n course navigation
aplhanet tutorial n working
method that updates NFT
more content on logging and de bugging since scrypto is New
more use cases by example on what can be done using these resource builder and resource address by updating metadata
